Running Gradle task 'assembleDebug'...                          
flutter : Exception in thread 
"main" java.net.UnknownHostExc
eption: release-assets.githubu
sercontent.com
At line:1 char:1
+ flutter build apk --debug 
2>&1 | Out-File -FilePath 
"C:\rafiq\rafiq_m ...
+ 
~~~~~~~~~~~~~~~~~~~~~~~~~~~~~~
    + CategoryInfo            
  : NotSpecifi    ed: 
(Exception in     
th...usercontent.c    
om:String) [], Rem    
oteException
    + FullyQualifiedEr    
rorId : NativeComm    andError
 
	at java.base/sun.nio.ch.NioSo
cketImpl.connect(NioSocketImpl
.java:572)
	at java.base/java.net.SocksSo
cketImpl.connect(SocksSocketIm
pl.java:327)
	at java.base/java.net.Socket.
connect(Socket.java:633)
	at java.base/sun.security.ssl
.SSLSocketImpl.connect(SSLSock
etImpl.java:304)
	at java.base/sun.security.ssl
.BaseSSLSocketImpl.connect(Bas
eSSLSocketImpl.java:174)
	at java.base/sun.net.NetworkC
lient.doConnect(NetworkClient.
java:183)
	at java.base/sun.net.www.http
.HttpClient.openServer(HttpCli
ent.java:534)
	at java.base/sun.net.www.http
.HttpClient.openServer(HttpCli
ent.java:639)
	at java.base/sun.net.www.prot
ocol.https.HttpsClient.<init>(
HttpsClient.java:266)
	at java.base/sun.net.www.prot
ocol.https.HttpsClient.New(Htt
psClient.java:380)
	at java.base/sun.net.www.prot
ocol.https.AbstractDelegateHtt
psURLConnection.getNewHttpClie
nt(AbstractDelegateHttpsURLCon
nection.java:193)
	at java.base/sun.net.www.prot
ocol.http.HttpURLConnection.pl
ainConnect0(HttpURLConnection.
java:1242)
	at java.base/sun.net.www.prot
ocol.http.HttpURLConnection.pl
ainConnect(HttpURLConnection.j
ava:1128)
	at java.base/sun.net.www.prot
ocol.https.AbstractDelegateHtt
psURLConnection.connect(Abstra
ctDelegateHttpsURLConnection.j
ava:179)
	at java.base/sun.net.www.prot
ocol.http.HttpURLConnection.fo
llowRedirect0(HttpURLConnectio
n.java:2928)
	at java.base/sun.net.www.prot
ocol.http.HttpURLConnection.fo
llowRedirect(HttpURLConnection
.java:2837)
	at java.base/sun.net.www.prot
ocol.http.HttpURLConnection.ge
tInputStream0(HttpURLConnectio
n.java:1949)
	at java.base/sun.net.www.prot
ocol.http.HttpURLConnection.ge
tInputStream(HttpURLConnection
.java:1611)
	at java.base/sun.net.www.prot
ocol.https.HttpsURLConnectionI
mpl.getInputStream(HttpsURLCon
nectionImpl.java:224)
	at org.gradle.wrapper.Downloa
d.downloadInternal(Download.ja
va:58)
	at org.gradle.wrapper.Downloa
d.download(Download.java:44)
	at org.gradle.wrapper.Install
$1.call(Install.java:61)
	at org.gradle.wrapper.Install
$1.call(Install.java:48)
	at org.gradle.wrapper.Exclusi
veFileAccessManager.access(Exc
lusiveFileAccessManager.java:6
5)
	at org.gradle.wrapper.Install
.createDist(Install.java:48)
	at org.gradle.wrapper.Wrapper
Executor.execute(WrapperExecut
or.java:128)
	at org.gradle.wrapper.GradleW
rapperMain.main(GradleWrapperM
ain.java:61)
Running Gradle task 'assembleDebug'...                             15.2s
Gradle task assembleDebug 
failed with exit code 1
